---
source: crates/astro-up-cli/tests/cli_show.rs
expression: stdout
---
Astrophotography software manager for Windows.

Install, detect, and update imaging software from one place.

Documentation: https://nightwatch-astro.github.io/astro-up/

Usage: astro-up-cli [OPTIONS] <COMMAND>

Commands:
  show         Show software status
  install      Install a package
  update       Update installed packages
  scan         Scan for installed software
  search       Search the catalog
  backup       Create a backup
  restore      Restore from a backup
  config       Manage configuration
  self-update  Update astro-up itself
  help         Print this message or the help of the given subcommand(s)

Options:
      --json
          Output format: JSON for scripting

  -v, --verbose
          Increase verbosity (show debug output)

  -q, --quiet
          Suppress non-error output

      --config <CONFIG>
          Path to config file

  -h, --help
          Print help (see a summary with '-h')

  -V, --version
          Print version
