---
source: crates/astro-up-core/tests/config/defaults_test.rs
expression: value
---
{
  "catalog": {
    "cache_ttl": {
      "nanos": 0,
      "secs": 86400
    },
    "url": "https://github.com/nightwatch-astro/astro-up-manifests/releases/download/catalog/latest/catalog.db"
  },
  "logging": {
    "level": "info",
    "log_file": "[platform_path]",
    "log_to_file": false
  },
  "network": {
    "connect_timeout": {
      "nanos": 0,
      "secs": 10
    },
    "download_speed_limit": 0,
    "proxy": null,
    "timeout": {
      "nanos": 0,
      "secs": 30
    },
    "user_agent": "astro-up/0.1.0"
  },
  "paths": {
    "cache_dir": "[platform_path]",
    "data_dir": "[platform_path]",
    "download_dir": "[platform_path]",
    "keep_installers": true,
    "purge_installers_after_days": 30
  },
  "telemetry": {
    "enabled": false
  },
  "updates": {
    "auto_check": true,
    "check_interval": {
      "nanos": 0,
      "secs": 86400
    }
  }
}
